
> shramsetu@0.1.0 build
> next build

  ▲ Next.js 14.2.3

   Creating an optimized production build ...
 ✓ Compiled successfully
   Linting and checking validity of types ...
   Collecting page data ...
   Generating static pages (0/22) ...
   Generating static pages (5/22) 
   Generating static pages (10/22) 
   Generating static pages (16/22) 
 ✓ Generating static pages (22/22)
   Finalizing page optimization ...
   Collecting build traces ...

Route (app)                              Size     First Load JS
┌ ○ /                                    1.24 kB        90.9 kB
├ ○ /_not-found                          871 B          87.9 kB
├ ○ /auth                                2.25 kB        98.7 kB
├ ○ /chats                               2.65 kB        99.1 kB
├ ○ /contact                             2.73 kB        96.5 kB
├ ○ /employer/dashboard                  1.9 kB         95.6 kB
├ ○ /employer/my-jobs                    2.81 kB        96.6 kB
├ ○ /employer/payments                   2.18 kB        95.9 kB
├ ○ /employer/post-job                   2.23 kB          96 kB
├ ○ /employer/profile                    3.04 kB        99.5 kB
├ ○ /general-profile                     3.31 kB        99.8 kB
├ ○ /help                                2.92 kB        96.7 kB
├ ○ /role-selection                      2.28 kB          92 kB
├ ○ /settings                            2.71 kB        92.4 kB
├ ○ /setup/employer                      3.15 kB        99.6 kB
├ ○ /setup/worker                        3.26 kB        99.7 kB
├ ○ /worker/earnings                     2.22 kB          96 kB
├ ○ /worker/home                         2.37 kB        96.1 kB
├ ○ /worker/profile                      3.28 kB        99.8 kB
└ ○ /worker/teams                        1.61 kB        88.6 kB
+ First Load JS shared by all            87 kB
  ├ chunks/23-d071db94c5d4549f.js        31.5 kB
  ├ chunks/fd9d1056-55a2f7b012b3ade6.js  53.6 kB
  └ other shared chunks (total)          1.89 kB


○  (Static)  prerendered as static content

